// Jest Snapshot v1, https://goo.gl/fbAQLP

exports[`renders correctly the Home component 1`] = `
<div
  className="spinner"
>
  <svg
    aria-busy={true}
    aria-label="rotating-lines-loading"
    className="sc-gswNZR guDipu"
    data-testid="rotating-lines-svg"
    role="status"
    speed="0.75"
    stroke="#4fa94d"
    viewBox="0 0 48 48"
    width="96"
    xmlns="http://www.w3.org/2000/svg"
  >
    <polyline
      className="sc-dkrFOg kkRkKu"
      points="24,12 24,4"
      transform="rotate(0, 24, 24)"
      width="5"
    />
    <polyline
      className="sc-dkrFOg kkRkKu"
      points="24,12 24,4"
      transform="rotate(30, 24, 24)"
      width="5"
    />
    <polyline
      className="sc-dkrFOg kkRkKu"
      points="24,12 24,4"
      transform="rotate(60, 24, 24)"
      width="5"
    />
    <polyline
      className="sc-dkrFOg kkRkKu"
      points="24,12 24,4"
      transform="rotate(90, 24, 24)"
      width="5"
    />
    <polyline
      className="sc-dkrFOg kkRkKu"
      points="24,12 24,4"
      transform="rotate(120, 24, 24)"
      width="5"
    />
    <polyline
      className="sc-dkrFOg kkRkKu"
      points="24,12 24,4"
      transform="rotate(150, 24, 24)"
      width="5"
    />
    <polyline
      className="sc-dkrFOg kkRkKu"
      points="24,12 24,4"
      transform="rotate(180, 24, 24)"
      width="5"
    />
    <polyline
      className="sc-dkrFOg kkRkKu"
      points="24,12 24,4"
      transform="rotate(210, 24, 24)"
      width="5"
    />
    <polyline
      className="sc-dkrFOg kkRkKu"
      points="24,12 24,4"
      transform="rotate(240, 24, 24)"
      width="5"
    />
    <polyline
      className="sc-dkrFOg kkRkKu"
      points="24,12 24,4"
      transform="rotate(270, 24, 24)"
      width="5"
    />
    <polyline
      className="sc-dkrFOg kkRkKu"
      points="24,12 24,4"
      transform="rotate(300, 24, 24)"
      width="5"
    />
    <polyline
      className="sc-dkrFOg kkRkKu"
      points="24,12 24,4"
      transform="rotate(330, 24, 24)"
      width="5"
    />
  </svg>
</div>
`;
